QA output created by 002
> s3curl --id tester -- -X PUT -D - -T /TMP.default.xml http://SWIFT_HOST/bucket... 200
HTTP/1.1 100 Continue

HTTP/1.1 200 OK
Content-Length: LENGTH
Content-Type: text/html; charset=UTF-8
Date: DATE
Location: /bucket
x-amz-id-2: TXID
x-amz-request-id: TXID
X-Trans-Id: TXID

> s3curl --id tester -- -X PUT -D - -T /TMP.us_west_2.xml http://SWIFT_HOST/bucket... 400
HTTP/1.1 100 Continue

HTTP/1.1 400 Bad Request
Content-Type: text/xml
Date: DATE
Transfer-Encoding: chunked
x-amz-id-2: TXID
x-amz-request-id: TXID
X-Trans-Id: TXID

<?xml version='1.0' encoding='UTF-8'?>
<Error>
  <Code>InvalidLocationConstraint</Code>
  <Message>The specified location constraint is not valid.</Message>
  <RequestId>TXID</RequestId>
</Error>
