QA output created by 005
> s3curl --id tester -- -X PUT -H x-amz-acl: public-read http://SWIFT_HOST/bucket... 200
> s3curl --id tester -- -X POST http://SWIFT_HOST/bucket/object?uploads... 200
> s3curl --id tester -- -X PUT -T /dev/null http://SWIFT_HOST/bucket/object?uploadId=UPLOAD_ID&partNumber=1... 200
> s3curl --id tester -- -X PUT -H x-amz-acl: log-delivery-write http://SWIFT_HOST/bucket2... 200
> s3curl --id tester -- -X PUT -T /TMP.logging.xml http://SWIFT_HOST/bucket?logging... 200
> s3curl --id tester --contentMd5 U2caJjlmWSTwONBlU/U/dA== -- -X PUT -T /TMP.lifecycle.xml http://SWIFT_HOST/bucket?lifecycle... 200
> s3curl --id tester -- -X DELETE http://SWIFT_HOST/bucket?lifecycle... 204
> s3curl --id tester -- -X PUT -T /TMP.versioning.xml http://SWIFT_HOST/bucket?versioning... 200
> s3curl --id tester -- -X PUT -T /dev/null -H x-amz-acl: public-read -D - http://SWIFT_HOST/bucket/object... 200
> s3curl --id tester -- -X PUT -T /TMP.versioning.xml -H x-amz-acl: public-read-write -D - http://SWIFT_HOST/bucket/object... 200
> s3curl --id tester -- -X DELETE -D - http://SWIFT_HOST/bucket/object?versionId=VERSION_ID... 204
HTTP/1.1 204 No Content
Content-Length: LENGTH
Content-Type: text/html; charset=UTF-8
Date: DATE
x-amz-id-2: TXID
x-amz-request-id: TXID
X-Trans-Id: TXID

> s3curl --id tester -- -X DELETE -D - http://SWIFT_HOST/bucket/object?versionId=VERSION_ID... 204
HTTP/1.1 204 No Content
Content-Length: LENGTH
Content-Type: text/html; charset=UTF-8
Date: DATE
x-amz-id-2: TXID
x-amz-request-id: TXID
X-Trans-Id: TXID

> s3curl --id tester -- -X DELETE -D - http://SWIFT_HOST/bucket... 204
HTTP/1.1 204 No Content
Content-Length: LENGTH
Content-Type: text/html; charset=UTF-8
Date: DATE
x-amz-id-2: TXID
x-amz-request-id: TXID
X-Trans-Id: TXID

> curl -X GET http://SWIFT_HOST/v1/TENANT/bucket... 404
<?xml version='1.0' encoding='UTF-8'?>
<html>
  <h1>Not Found</h1>
  <p>The resource could not be found.</p>
</html>
> curl -X GET http://SWIFT_HOST/v1/TENANT/bucket+versions... 204
> curl -X GET http://SWIFT_HOST/v1/TENANT/bucket+segments... 200
object/UPLOAD_ID
object/UPLOAD_ID/1
