QA output created by 010
> s3curl --id tester -- -X PUT http://SWIFT_HOST/bucket... 200
> s3curl --id tester --contentMd5 U2caJjlmWSTwONBlU/U/dA== -- -X PUT -T /TMP.lifecycle.xml http://SWIFT_HOST/bucket?lifecycle... 200
> s3curl --id tester -- -X DELETE -D - http://SWIFT_HOST/bucket?lifecycle... 204
HTTP/1.1 204 No Content
Content-Length: LENGTH
Content-Type: text/html; charset=UTF-8
Date: DATE
x-amz-id-2: TXID
x-amz-request-id: TXID
X-Trans-Id: TXID

