QA output created by 012
> s3curl --id tester -- -X PUT http://SWIFT_HOST/bucket... 200
> s3curl --id tester -- -X PUT -H x-amz-acl: log-delivery-write http://SWIFT_HOST/bucket2... 200
> s3curl --id tester -- -X PUT -T /TMP.logging.xml -D - http://SWIFT_HOST/bucket?logging... 200
HTTP/1.1 100 Continue

HTTP/1.1 200 OK
Content-Length: LENGTH
Content-Type: text/html; charset=UTF-8
Date: DATE
x-amz-id-2: TXID
x-amz-request-id: TXID
X-Trans-Id: TXID

