QA output created by 013
> s3curl --id tester -- -X PUT http://SWIFT_HOST/bucket... 200
> s3curl --id tester -- -X PUT -H x-amz-acl: log-delivery-write http://SWIFT_HOST/bucket2... 200
> s3curl --id tester -- -X PUT -T /TMP.logging.xml http://SWIFT_HOST/bucket?logging... 200
> s3curl --id tester -- -X GET -D - http://SWIFT_HOST/bucket?logging... 200
HTTP/1.1 200 OK
Content-Length: LENGTH
Content-Type: text/html; charset=UTF-8
Date: DATE
x-amz-id-2: TXID
x-amz-request-id: TXID
X-Trans-Id: TXID

<?xml version='1.0' encoding='UTF-8'?>
<BucketLoggingStatus xmlns="http://s3.amazonaws.com/doc/2006-03-01/">
  <LoggingEnabled>
    <TargetBucket>bucket2</TargetBucket>
    <TargetPrefix>access_log-</TargetPrefix>
    <TargetGrants>
      <Grant>
        <Grantee xmlns:xsi="http://www.w3.org/2001/XMLSchema-instance" xsi:type="Group">
          <URI>http://acs.amazonaws.com/groups/global/AuthenticatedUsers</URI>
        </Grantee>
        <Permission>READ</Permission>
      </Grant>
      <Grant>
        <Grantee xmlns:xsi="http://www.w3.org/2001/XMLSchema-instance" xsi:type="CanonicalUser">
          <ID>TESTER2</ID>
          <DisplayName>TESTER2</DisplayName>
        </Grantee>
        <Permission>READ</Permission>
      </Grant>
    </TargetGrants>
  </LoggingEnabled>
</BucketLoggingStatus>
