QA output created by 015
> s3curl --id tester -- -X PUT http://SWIFT_HOST/bucket... 200
> s3curl --id tester -- -X PUT -T /TMP.version.enabled.xml http://SWIFT_HOST/bucket?versioning... 200
> s3curl --id tester -- -X PUT -T /TMP.version.suspended.xml -D - http://SWIFT_HOST/bucket?versioning... 200
HTTP/1.1 100 Continue

HTTP/1.1 200 OK
Content-Length: LENGTH
Content-Type: text/html; charset=UTF-8
Date: DATE
x-amz-id-2: TXID
x-amz-request-id: TXID
X-Trans-Id: TXID

