QA output created by 017
> s3curl --id tester -- -X PUT http://SWIFT_HOST/bucket... 200
> s3curl --id tester -- -X POST http://SWIFT_HOST/bucket/object?uploads... 200
> s3curl --id tester -- -X PUT -T /dev/null http://SWIFT_HOST/bucket/object?uploadId=UPLOAD_ID&partNumber=1... 200
> s3curl --id tester -- -X POST http://SWIFT_HOST/bucket/object?uploads... 200
<?xml version='1.0' encoding='UTF-8'?>
<InitiateMultipartUploadResult xmlns="http://s3.amazonaws.com/doc/2006-03-01/">
  <Bucket>bucket</Bucket>
  <Key>object</Key>
  <UploadId>UPLOAD_ID</UploadId>
</InitiateMultipartUploadResult>
> s3curl --id tester -- -X POST http://SWIFT_HOST/bucket/object?uploads... 200
<?xml version='1.0' encoding='UTF-8'?>
<InitiateMultipartUploadResult xmlns="http://s3.amazonaws.com/doc/2006-03-01/">
  <Bucket>bucket</Bucket>
  <Key>object</Key>
  <UploadId>UPLOAD_ID</UploadId>
</InitiateMultipartUploadResult>
> s3curl --id tester -- -X POST http://SWIFT_HOST/bucket/object?uploads... 200
<?xml version='1.0' encoding='UTF-8'?>
<InitiateMultipartUploadResult xmlns="http://s3.amazonaws.com/doc/2006-03-01/">
  <Bucket>bucket</Bucket>
  <Key>object</Key>
  <UploadId>UPLOAD_ID</UploadId>
</InitiateMultipartUploadResult>
> s3curl --id tester -- -X POST http://SWIFT_HOST/bucket/object?uploads... 200
<?xml version='1.0' encoding='UTF-8'?>
<InitiateMultipartUploadResult xmlns="http://s3.amazonaws.com/doc/2006-03-01/">
  <Bucket>bucket</Bucket>
  <Key>object</Key>
  <UploadId>UPLOAD_ID</UploadId>
</InitiateMultipartUploadResult>
> s3curl --id tester -- -X GET -D - http://SWIFT_HOST/bucket?uploads&encoding-type=url&max-uploads=2... 200
HTTP/1.1 200 OK
Content-Length: LENGTH
Content-Type: application/xml
Date: DATE
x-amz-id-2: TXID
x-amz-request-id: TXID
X-Trans-Id: TXID

<?xml version='1.0' encoding='UTF-8'?>
<ListMultipartUploadsResult xmlns="http://s3.amazonaws.com/doc/2006-03-01/">
  <Bucket>bucket</Bucket>
  <KeyMarker/>
  <UploadIdMarker/>
  <NextKeyMarker>object</NextKeyMarker>
  <NextUploadIdMarker>UPLOAD_ID</NextUploadIdMarker>
  <MaxUploads>2</MaxUploads>
  <EncodingType>url</EncodingType>
  <IsTruncated>true</IsTruncated>
  <Upload>
    <Key>object</Key>
    <UploadId>UPLOAD_ID</UploadId>
    <Initiator>
      <ID>TESTER</ID>
      <DisplayName>TESTER</DisplayName>
    </Initiator>
    <Owner>
      <ID>TESTER</ID>
      <DisplayName>TESTER</DisplayName>
    </Owner>
    <StorageClass>STANDARD</StorageClass>
    <Initiated>DATE</Initiated>
  </Upload>
  <Upload>
    <Key>object</Key>
    <UploadId>UPLOAD_ID</UploadId>
    <Initiator>
      <ID>TESTER</ID>
      <DisplayName>TESTER</DisplayName>
    </Initiator>
    <Owner>
      <ID>TESTER</ID>
      <DisplayName>TESTER</DisplayName>
    </Owner>
    <StorageClass>STANDARD</StorageClass>
    <Initiated>DATE</Initiated>
  </Upload>
</ListMultipartUploadsResult>
