QA output created by 024
> s3curl --id tester -- -X PUT -H x-amz-acl: public-read-write http://SWIFT_HOST/bucket... 200
> s3curl --id tester -- -X PUT -T /dev/null -H x-amz-acl: private http://SWIFT_HOST/bucket/object... 200
> s3curl --id tester -- -X PUT -T /dev/null -H x-amz-acl: public-read http://SWIFT_HOST/bucket/object... 200
> s3curl --id tester2 -- -X GET -D - http://SWIFT_HOST/bucket/object... 200
HTTP/1.1 200 OK
Content-Length: LENGTH
Content-Type: application/octet-stream
Date: DATE
ETag: "ETAG"
Last-Modified: DATE
x-amz-id-2: TXID
x-amz-request-id: TXID
X-Trans-Id: TXID

