QA output created by 027
> s3curl --id tester -- -X PUT http://SWIFT_HOST/bucket... 200
> s3curl --id tester -- -X POST http://SWIFT_HOST/bucket/object?uploads... 200
> s3curl --id tester -- -X PUT -T /dev/null -D - http://SWIFT_HOST/bucket/object?uploadId=UPLOAD_ID&partNumber=10000... 200
HTTP/1.1 100 Continue

HTTP/1.1 200 OK
Content-Length: LENGTH
Content-Type: text/html; charset=UTF-8
Date: DATE
ETag: "ETAG"
Last-Modified: DATE
x-amz-id-2: TXID
x-amz-request-id: TXID
X-Trans-Id: TXID

> curl -X GET http://SWIFT_HOST/v1/TENANT/bucket+segments... 200
object/UPLOAD_ID
object/UPLOAD_ID/10000
