QA output created by 052
> s3curl --id tester -- -X DELETE http://SWIFT_HOST/bucket... 404
<?xml version='1.0' encoding='UTF-8'?>
<Error>
  <Code>NoSuchBucket</Code>
  <Message>The specified bucket does not exist.</Message>
  <RequestId>TXID</RequestId>
  <BucketName>bucket</BucketName>
</Error>
