QA output created by 070
> s3curl --id tester -- -X PUT http://SWIFT_HOST/bucket... 200
> s3curl --id tester --contentMd5 B3TydZQCrG9WflISDhI5SQ== -- -X PUT -T /TMP.lifecycle.xml http://SWIFT_HOST/bucket?lifecycle... 200
> s3curl --id tester -- -X DELETE http://SWIFT_HOST/bucket?lifecycle... 204
> s3curl --id tester -- -X GET -D - http://SWIFT_HOST/bucket?lifecycle... 404
HTTP/1.1 404 Not Found
Content-Type: text/xml
Date: DATE
Transfer-Encoding: chunked
x-amz-id-2: TXID
x-amz-request-id: TXID
X-Trans-Id: TXID

<?xml version='1.0' encoding='UTF-8'?>
<Error>
  <Code>NoSuchLifecycleConfiguration</Code>
  <Message>The lifecycle configuration does not exist. .</Message>
  <RequestId>TXID</RequestId>
</Error>
