QA output created by 094
> s3curl --id tester -- -X PUT http://SWIFT_HOST/bucket... 200
> s3curl --id tester -- -X PUT -T /TMP.versioning.xml http://SWIFT_HOST/bucket?versioning... 200
> s3curl --id tester -- -X PUT -T /dev/null http://SWIFT_HOST/bucket/obj... 200
> s3curl --id tester -- -X GET -D - http://SWIFT_HOST/bucket?versions... 200
HTTP/1.1 200 OK
Content-Length: LENGTH
Content-Type: text/html; charset=UTF-8
Date: DATE
x-amz-id-2: TXID
x-amz-request-id: TXID
X-Trans-Id: TXID

<?xml version='1.0' encoding='UTF-8'?>
<ListVersionsResult xmlns="http://s3.amazonaws.com/doc/2006-03-01/">
  <Name>bucket</Name>
  <Prefix/>
  <KeyMarker/>
  <VersionIdMarker/>
  <MaxKeys>1000</MaxKeys>
  <IsTruncated>false</IsTruncated>
  <Version>
    <Key>obj</Key>
    <VersionId>VERSION_ID</VersionId>
    <IsLatest>true</IsLatest>
    <LastModified>DATE</LastModified>
    <ETag>ETAG</ETag>
    <Size>0</Size>
    <Owner>
      <ID>TESTER</ID>
      <DisplayName>TESTER</DisplayName>
    </Owner>
    <StorageClass>STANDARD</StorageClass>
  </Version>
</ListVersionsResult>
