QA output created by 099
> s3curl --id tester -- -X PUT -H x-amz-grant-full-control: id='TESTER,id='TESTER2',id='TESTER3' http://SWIFT_HOST/bucket... 200
> s3curl --id tester -- -X GET -D - http://SWIFT_HOST/bucket... 200
HTTP/1.1 200 OK
Content-Length: LENGTH
Content-Type: application/xml
Date: DATE
x-amz-id-2: TXID
x-amz-request-id: TXID
X-Trans-Id: TXID

<?xml version='1.0' encoding='UTF-8'?>
<ListBucketResult xmlns="http://s3.amazonaws.com/doc/2006-03-01/">
  <Name>bucket</Name>
  <Prefix/>
  <Marker/>
  <MaxKeys>1000</MaxKeys>
  <IsTruncated>false</IsTruncated>
</ListBucketResult>
> s3curl --id tester2 --contentMd5 YTfN5Ik8WfdvAFqBI9jo5g== --contentType application/octet-stream -- -X PUT -T /TMP.data -H Content-Disposition: attachment; filename="a.txt.gz" -H Content-Encoding: gzip -H Content-Length: 5 -H Expect: 100-continue -H x-amz-storage-class: STANDARD -H x-amz-grant-full-control: id='TESTER3 -D - http://SWIFT_HOST/bucket/objectA... 200
HTTP/1.1 100 Continue

HTTP/1.1 200 OK
Content-Length: LENGTH
Content-Type: text/html; charset=UTF-8
Date: DATE
ETag: "ETAG"
Last-Modified: DATE
x-amz-id-2: TXID
x-amz-request-id: TXID
X-Trans-Id: TXID

> s3curl --id tester2 -- -X GET -D - http://SWIFT_HOST/bucket/objectA?acl... 200
HTTP/1.1 200 OK
Content-Length: LENGTH
Content-Type: text/html; charset=UTF-8
Date: DATE
x-amz-id-2: TXID
x-amz-request-id: TXID
X-Trans-Id: TXID

<?xml version='1.0' encoding='UTF-8'?>
<AccessControlPolicy xmlns="http://s3.amazonaws.com/doc/2006-03-01/">
  <Owner>
    <ID>TESTER2</ID>
    <DisplayName>TESTER2</DisplayName>
  </Owner>
  <AccessControlList>
    <Grant>
      <Grantee xmlns:xsi="http://www.w3.org/2001/XMLSchema-instance" xsi:type="CanonicalUser">
        <ID>TESTER3</ID>
        <DisplayName>TESTER3</DisplayName>
      </Grantee>
      <Permission>FULL_CONTROL</Permission>
    </Grant>
  </AccessControlList>
</AccessControlPolicy>
> s3curl --id tester3 -- -X PUT -H x-amz-grant-read: uri='http://acs.amazonaws.com/groups/global/AllUsers' http://SWIFT_HOST/bucket/objectA?acl... 200
> s3curl --id tester2 -- -X GET -D - http://SWIFT_HOST/bucket/objectA?acl... 200
HTTP/1.1 200 OK
Content-Length: LENGTH
Content-Type: text/html; charset=UTF-8
Date: DATE
x-amz-id-2: TXID
x-amz-request-id: TXID
X-Trans-Id: TXID

<?xml version='1.0' encoding='UTF-8'?>
<AccessControlPolicy xmlns="http://s3.amazonaws.com/doc/2006-03-01/">
  <Owner>
    <ID>TESTER2</ID>
    <DisplayName>TESTER2</DisplayName>
  </Owner>
  <AccessControlList>
    <Grant>
      <Grantee xmlns:xsi="http://www.w3.org/2001/XMLSchema-instance" xsi:type="Group">
        <URI>http://acs.amazonaws.com/groups/global/AllUsers</URI>
      </Grantee>
      <Permission>READ</Permission>
    </Grant>
  </AccessControlList>
</AccessControlPolicy>
