QA output created by 137
> s3curl --id tester -- -X PUT http://SWIFT_HOST/bucket... 200
> s3curl --id tester -- -X POST -H Content-Disposition: attachment; filename="a.txt.gz" -H Content-Encoding: gzip -H x-amz-meta-hoge: hoge -H x-amz-storage-class: STANDARD http://SWIFT_HOST/bucket/object?uploads... 200
> s3curl --id tester -- -X PUT -T /TMP.data http://SWIFT_HOST/bucket/object?uploadId=UPLOAD_ID&partNumber=1... 404
<?xml version='1.0' encoding='UTF-8'?>
<Error>
  <Code>NoSuchUpload</Code>
  <Message>The specified multipart upload does not exist. The upload ID might be invalid, or the multipart upload might have been aborted or completed.</Message>
  <RequestId>TXID</RequestId>
  <UploadId>UPLOAD_ID</UploadId>
</Error>
