QA output created by 140
> s3curl --id tester -- -X PUT http://SWIFT_HOST/bucket... 200
> s3curl --id tester -- -X PUT -T /TMP.data http://SWIFT_HOST/bucket/objectB... 200
> s3curl --id tester -- -X PUT -T /TMP.data http://SWIFT_HOST/bucket/objectA... 200
> s3curl --id tester -- -X POST http://SWIFT_HOST/bucket/object2?uploads... 200
> s3curl --id tester -- -X PUT -H x-amz-copy-source: /bucket/objectA -H x-amz-copy-source-if-match: ETAG http://SWIFT_HOST/bucket/object2?uploadId=UPLOAD_ID&partNumber=1... 412
<?xml version='1.0' encoding='UTF-8'?>
<Error>
  <Code>PreconditionFailed</Code>
  <Message>At least one of the preconditions you specified did not hold.</Message>
  <RequestId>TXID</RequestId>
</Error>
> curl -X GET http://SWIFT_HOST/v1/TENANT/bucket+segments... 200
object2/UPLOAD_ID
