QA output created by 146
> s3curl --id tester -- -X PUT http://SWIFT_HOST/bucket... 200
> s3curl --id tester -- -X POST http://SWIFT_HOST/bucket/object?uploads... 200
> s3curl --id tester -- -X PUT -T /TMP.data http://SWIFT_HOST/bucket/object?uploadId=UPLOAD_ID&partNumber=1... 200
> s3curl --id tester -- -X PUT -T /TMP.data http://SWIFT_HOST/bucket/object?uploadId=UPLOAD_ID&partNumber=2... 200
> s3curl --id tester -- -X PUT -T /TMP.data http://SWIFT_HOST/bucket/object?uploadId=UPLOAD_ID&partNumber=3... 200
> s3curl --id tester -- -X PUT -T /TMP.data http://SWIFT_HOST/bucket/object?uploadId=UPLOAD_ID&partNumber=4... 200
> s3curl --id tester -- -X PUT -T /TMP.data http://SWIFT_HOST/bucket/object?uploadId=UPLOAD_ID&partNumber=5... 200
> s3curl --id tester -- -X PUT -T /TMP.data http://SWIFT_HOST/bucket/object?uploadId=UPLOAD_ID&partNumber=6... 200
> s3curl --id tester -- -X PUT -T /TMP.data http://SWIFT_HOST/bucket/object?uploadId=UPLOAD_ID&partNumber=7... 200
> s3curl --id tester -- -X PUT -T /TMP.data http://SWIFT_HOST/bucket/object?uploadId=UPLOAD_ID&partNumber=8... 200
> s3curl --id tester -- -X PUT -T /TMP.data http://SWIFT_HOST/bucket/object?uploadId=UPLOAD_ID&partNumber=9... 200
> s3curl --id tester -- -X PUT -T /TMP.data http://SWIFT_HOST/bucket/object?uploadId=UPLOAD_ID&partNumber=10... 200
> curl -X GET http://SWIFT_HOST/v1/TENANT/bucket+segments... 200
object/UPLOAD_ID
object/UPLOAD_ID/1
object/UPLOAD_ID/10
object/UPLOAD_ID/2
object/UPLOAD_ID/3
object/UPLOAD_ID/4
object/UPLOAD_ID/5
object/UPLOAD_ID/6
object/UPLOAD_ID/7
object/UPLOAD_ID/8
object/UPLOAD_ID/9
> s3curl --id tester -- -X DELETE http://SWIFT_HOST/bucket/object?uploadId=UPLOAD_ID... 204
> curl -X GET -D - http://SWIFT_HOST/v1/TENANT/bucket/object... 404
HTTP/1.1 404 Not Found
Content-Length: LENGTH
Content-Type: text/html; charset=UTF-8
Date: DATE
X-Trans-Id: TXID

<html><h1>Not Found</h1><p>The resource could not be found.</p></html>> curl -X GET http://SWIFT_HOST/v1/TENANT/bucket+segments... 204
