QA output created by 172
> s3curl --id tester -- -X PUT http://SWIFT_HOST/bucket... 200
> s3curl --id tester2 -- -X PUT http://SWIFT_HOST/bucket2... 200
> s3curl --id tester -- -X GET -H hoge: hoge -D - http://SWIFT_HOST/... 200
HTTP/1.1 200 OK
Content-Length: LENGTH
Content-Type: application/xml
Date: DATE
x-amz-id-2: TXID
x-amz-request-id: TXID
X-Trans-Id: TXID

<?xml version='1.0' encoding='UTF-8'?>
<ListAllMyBucketsResult xmlns="http://s3.amazonaws.com/doc/2006-03-01/">
  <Owner>
    <ID>TESTER</ID>
    <DisplayName>TESTER</DisplayName>
  </Owner>
  <Buckets>
    <Bucket>
      <Name>bucket</Name>
      <CreationDate>DATE</CreationDate>
    </Bucket>
  </Buckets>
</ListAllMyBucketsResult>
